<?xml version="1.0" encoding="UTF-8"?>
<TestRun id="1c6bfbbf-98b4-40b2-b093-5b7888a64dcc" name="glittle@SUNLAP200 2011-10-10 20:57:28" runUser="SUNCORP\glittle" xmlns="http://microsoft.com/schemas/VisualStudio/TeamTest/2010">
  <TestSettings name="Local" id="45670355-df23-4383-86da-d2f44957bcac">
    <Description>These are default test settings for a local test run.</Description>
    <Deployment enabled="false" runDeploymentRoot="glittle_SUNLAP200 2011-10-10 20_57_28" />
    <Execution>
      <TestTypeSpecific />
      <AgentRule name="Execution Agents">
      </AgentRule>
    </Execution>
  </TestSettings>
  <Times creation="2011-10-10T20:57:28.8281250-06:00" queuing="2011-10-10T20:57:28.9218750-06:00" start="2011-10-10T20:57:28.9375000-06:00" finish="2011-10-10T20:57:29.2187500-06:00" />
  <ResultSummary outcome="Completed">
    <Counters total="1" executed="1" passed="1" error="0" failed="0" timeout="0" aborted="0" inconclusive="0" passedButRunAborted="0" notRunnable="0" notExecuted="0" disconnected="0" warning="0" completed="0" inProgress="0" pending="0" />
  </ResultSummary>
  <TestDefinitions>
    <UnitTest name="TestMethod1" storage="c:\users\glen\bahai\tallyj\v2d\server\site\tests\bin\debug\tests.dll" id="211e0a47-30b8-60a6-4222-2c968cd0d482">
      <Execution id="7c554632-1781-4509-94e6-338096d4a97a" />
      <TestMethod codeBase="C:/Users/Glen/Bahai/TallyJ/V2d/Server/Site/Tests/bin/Debug/Tests.DLL" adapterTypeName="Microsoft.VisualStudio.TestTools.TestTypes.Unit.UnitTestAdapter, Microsoft.VisualStudio.QualityTools.Tips.UnitTest.Adapter, Version=10.0.0.0, Culture=neutral, PublicKeyToken=b03f5f7f11d50a3a" className="Tests.UnitTest1, Tests, Version=1.0.0.0, Culture=neutral, PublicKeyToken=null" name="TestMethod1" />
    </UnitTest>
  </TestDefinitions>
  <TestLists>
    <TestList name="Results Not in a List" id="8c84fa94-04c1-424b-9868-57a2d4851a1d" />
    <TestList name="All Loaded Results" id="19431567-8539-422a-85d7-44ee4e166bda" />
  </TestLists>
  <TestEntries>
    <TestEntry testId="211e0a47-30b8-60a6-4222-2c968cd0d482" executionId="7c554632-1781-4509-94e6-338096d4a97a" testListId="8c84fa94-04c1-424b-9868-57a2d4851a1d" />
  </TestEntries>
  <Results>
    <UnitTestResult executionId="7c554632-1781-4509-94e6-338096d4a97a" testId="211e0a47-30b8-60a6-4222-2c968cd0d482" testName="TestMethod1" computerName="SUNLAP200" duration="00:00:00.0159475" startTime="2011-10-10T20:57:28.9375000-06:00" endTime="2011-10-10T20:57:29.2031250-06:00" testType="13cdc9d9-ddb5-4fa4-a97d-d965ccfc6d4b" outcome="Passed" testListId="8c84fa94-04c1-424b-9868-57a2d4851a1d" relativeResultsDirectory="7c554632-1781-4509-94e6-338096d4a97a">
    </UnitTestResult>
  </Results>
</TestRun>