<?xml version="1.0" encoding="UTF-8"?>
<TestRun id="2046a98e-075d-4b33-b4c5-6522570fb3c2" name="glittle@SUNLAP007 2011-12-03 02:07:17" runUser="SUNCORP\glittle" xmlns="http://microsoft.com/schemas/VisualStudio/TeamTest/2010">
  <TestSettings name="Default Test Settings" id="2b344b68-f7a1-4d02-a118-5541836e0c07">
    <Deployment runDeploymentRoot="glittle_SUNLAP007 2011-12-03 02_07_17">
      <DeploymentItem filename="D:\Users\Glen\Bahai\TallyJ\V2d\Server\Site\Site\bin\TallyJ.dll" />
    </Deployment>
    <Execution>
      <TestTypeSpecific />
      <AgentRule name="Execution Agents">
      </AgentRule>
    </Execution>
  </TestSettings>
  <Times creation="2011-12-03T02:07:17.2549670-07:00" queuing="2011-12-03T02:07:25.6574476-07:00" start="2011-12-03T02:07:25.8764601-07:00" finish="2011-12-03T02:07:46.4166349-07:00" />
  <ResultSummary outcome="Error">
    <Counters total="21" executed="2" passed="1" error="0" failed="0" timeout="0" aborted="1" inconclusive="0" passedButRunAborted="0" notRunnable="0" notExecuted="19" disconnected="0" warning="0" completed="0" inProgress="0" pending="0" />
    <RunInfos>
      <RunInfo computerName="SUNLAP007" outcome="Error" timestamp="2011-12-03T02:07:46.4136348-07:00">
        <Text>Test host process exited unexpectedly.</Text>
      </RunInfo>
    </RunInfos>
  </ResultSummary>
  <TestDefinitions>
    <UnitTest name="FilledWithArray_List_Fail1" storage="d:\users\glen\bahai\tallyj\v2d\server\site\tests\bin\debug\tests.dll" id="103dfa87-6680-5704-7857-d53ad8f4f2dc">
      <Execution id="00b2877b-0e67-46af-9241-2d749fe6ef60" />
      <TestMethod codeBase="D:/Users/Glen/Bahai/TallyJ/V2d/Server/Site/Tests/bin/Debug/Tests.DLL" adapterTypeName="Microsoft.VisualStudio.TestTools.TestTypes.Unit.UnitTestAdapter, Microsoft.VisualStudio.QualityTools.Tips.UnitTest.Adapter, Version=10.0.0.0, Culture=neutral, PublicKeyToken=b03f5f7f11d50a3a" className="Tests.FrameworkTests.ExtensionTests, Tests, Version=1.0.0.0, Culture=neutral, PublicKeyToken=null" name="FilledWithArray_List_Fail1" />
    </UnitTest>
    <UnitTest name="DetermineNextFreeComputerCode_Test" storage="d:\users\glen\bahai\tallyj\v2d\server\site\tests\bin\debug\tests.dll" id="6f828ab7-5906-58f6-e598-6fa6aee124bd">
      <Execution id="67501b3b-a093-40b8-9f81-306044b57d67" />
      <TestMethod codeBase="D:/Users/Glen/Bahai/TallyJ/V2d/Server/Site/Tests/bin/Debug/Tests.DLL" adapterTypeName="Microsoft.VisualStudio.TestTools.TestTypes.Unit.UnitTestAdapter, Microsoft.VisualStudio.QualityTools.Tips.UnitTest.Adapter, Version=10.0.0.0, Culture=neutral, PublicKeyToken=b03f5f7f11d50a3a" className="Tests.BusinessTests.ComputerTests, Tests, Version=1.0.0.0, Culture=neutral, PublicKeyToken=null" name="DetermineNextFreeComputerCode_Test" />
    </UnitTest>
    <UnitTest name="JoinedAsStringTest1" storage="d:\users\glen\bahai\tallyj\v2d\server\site\tests\bin\debug\tests.dll" id="5c3cc45e-7c98-67cc-9019-c9a2b4732d8c">
      <Execution id="e00e55ee-e81c-4218-b748-deb794e106d1" />
      <TestMethod codeBase="D:/Users/Glen/Bahai/TallyJ/V2d/Server/Site/Tests/bin/Debug/Tests.DLL" adapterTypeName="Microsoft.VisualStudio.TestTools.TestTypes.Unit.UnitTestAdapter, Microsoft.VisualStudio.QualityTools.Tips.UnitTest.Adapter, Version=10.0.0.0, Culture=neutral, PublicKeyToken=b03f5f7f11d50a3a" className="Tests.FrameworkTests.ExtensionTests, Tests, Version=1.0.0.0, Culture=neutral, PublicKeyToken=null" name="JoinedAsStringTest1" />
    </UnitTest>
    <UnitTest name="SingleNameElection_3_people_with_3_way_Tie" storage="d:\users\glen\bahai\tallyj\v2d\server\site\tests\bin\debug\tests.dll" id="07476f35-9e1c-6bc5-5dcd-816ead301558">
      <Execution id="0f269f9b-7061-4b11-8fb1-61551bf28949" />
      <TestMethod codeBase="D:/Users/Glen/Bahai/TallyJ/V2d/Server/Site/Tests/bin/Debug/Tests.DLL" adapterTypeName="Microsoft.VisualStudio.TestTools.TestTypes.Unit.UnitTestAdapter, Microsoft.VisualStudio.QualityTools.Tips.UnitTest.Adapter, Version=10.0.0.0, Culture=neutral, PublicKeyToken=b03f5f7f11d50a3a" className="Tests.BusinessTests.ResultAnalysisTests, Tests, Version=1.0.0.0, Culture=neutral, PublicKeyToken=null" name="SingleNameElection_3_people_with_3_way_Tie" />
    </UnitTest>
    <UnitTest name="FilledWithArray_List3" storage="d:\users\glen\bahai\tallyj\v2d\server\site\tests\bin\debug\tests.dll" id="f6381d6c-3156-04ae-050d-1886e600c660">
      <Execution id="8d1ad514-b5e0-4cb8-b7dc-d9a583ca29b8" />
      <TestMethod codeBase="D:/Users/Glen/Bahai/TallyJ/V2d/Server/Site/Tests/bin/Debug/Tests.DLL" adapterTypeName="Microsoft.VisualStudio.TestTools.TestTypes.Unit.UnitTestAdapter, Microsoft.VisualStudio.QualityTools.Tips.UnitTest.Adapter, Version=10.0.0.0, Culture=neutral, PublicKeyToken=b03f5f7f11d50a3a" className="Tests.FrameworkTests.ExtensionTests, Tests, Version=1.0.0.0, Culture=neutral, PublicKeyToken=null" name="FilledWithArray_List3" />
    </UnitTest>
    <UnitTest name="FilledWith_List1" storage="d:\users\glen\bahai\tallyj\v2d\server\site\tests\bin\debug\tests.dll" id="564e4ebf-2bca-9a3d-01d4-7304e5e55862">
      <Execution id="2ed87512-e7e7-4686-8d6a-a4ed5e403bd6" />
      <TestMethod codeBase="D:/Users/Glen/Bahai/TallyJ/V2d/Server/Site/Tests/bin/Debug/Tests.DLL" adapterTypeName="Microsoft.VisualStudio.TestTools.TestTypes.Unit.UnitTestAdapter, Microsoft.VisualStudio.QualityTools.Tips.UnitTest.Adapter, Version=10.0.0.0, Culture=neutral, PublicKeyToken=b03f5f7f11d50a3a" className="Tests.FrameworkTests.ExtensionTests, Tests, Version=1.0.0.0, Culture=neutral, PublicKeyToken=null" name="FilledWith_List1" />
    </UnitTest>
    <UnitTest name="SingleNameElection_1_person" storage="d:\users\glen\bahai\tallyj\v2d\server\site\tests\bin\debug\tests.dll" id="136871ba-70c3-b5e0-e920-47a42dd3d475">
      <Execution id="6b4299f4-815d-4344-b5a6-4957a58b4081" />
      <TestMethod codeBase="D:/Users/Glen/Bahai/TallyJ/V2d/Server/Site/Tests/bin/Debug/Tests.DLL" adapterTypeName="Microsoft.VisualStudio.TestTools.TestTypes.Unit.UnitTestAdapter, Microsoft.VisualStudio.QualityTools.Tips.UnitTest.Adapter, Version=10.0.0.0, Culture=neutral, PublicKeyToken=b03f5f7f11d50a3a" className="Tests.BusinessTests.ResultAnalysisTests, Tests, Version=1.0.0.0, Culture=neutral, PublicKeyToken=null" name="SingleNameElection_1_person" />
    </UnitTest>
    <UnitTest name="DetermineNextFreeComputerCode3_Test" storage="d:\users\glen\bahai\tallyj\v2d\server\site\tests\bin\debug\tests.dll" id="afe77384-60ba-bb08-bb72-a508a6175fed">
      <Execution id="f319ecf5-22bc-481f-bd1c-c1c28014d4f0" />
      <TestMethod codeBase="D:/Users/Glen/Bahai/TallyJ/V2d/Server/Site/Tests/bin/Debug/Tests.DLL" adapterTypeName="Microsoft.VisualStudio.TestTools.TestTypes.Unit.UnitTestAdapter, Microsoft.VisualStudio.QualityTools.Tips.UnitTest.Adapter, Version=10.0.0.0, Culture=neutral, PublicKeyToken=b03f5f7f11d50a3a" className="Tests.BusinessTests.ComputerTests, Tests, Version=1.0.0.0, Culture=neutral, PublicKeyToken=null" name="DetermineNextFreeComputerCode3_Test" />
    </UnitTest>
    <UnitTest name="DetermineNextFreeComputerCode2_Test" storage="d:\users\glen\bahai\tallyj\v2d\server\site\tests\bin\debug\tests.dll" id="4437d137-a689-3e05-5035-1f11439c8b14">
      <Execution id="80fb6535-1242-41f0-aa2b-816f1ea2da02" />
      <TestMethod codeBase="D:/Users/Glen/Bahai/TallyJ/V2d/Server/Site/Tests/bin/Debug/Tests.DLL" adapterTypeName="Microsoft.VisualStudio.TestTools.TestTypes.Unit.UnitTestAdapter, Microsoft.VisualStudio.QualityTools.Tips.UnitTest.Adapter, Version=10.0.0.0, Culture=neutral, PublicKeyToken=b03f5f7f11d50a3a" className="Tests.BusinessTests.ComputerTests, Tests, Version=1.0.0.0, Culture=neutral, PublicKeyToken=null" name="DetermineNextFreeComputerCode2_Test" />
    </UnitTest>
    <UnitTest name="DetermineNextFreeComputerCode5_Test" storage="d:\users\glen\bahai\tallyj\v2d\server\site\tests\bin\debug\tests.dll" id="17f3edd0-be38-c1eb-a553-63a11a14a87b">
      <Execution id="f54d237a-7731-447c-8354-11989afc04d9" />
      <TestMethod codeBase="D:/Users/Glen/Bahai/TallyJ/V2d/Server/Site/Tests/bin/Debug/Tests.DLL" adapterTypeName="Microsoft.VisualStudio.TestTools.TestTypes.Unit.UnitTestAdapter, Microsoft.VisualStudio.QualityTools.Tips.UnitTest.Adapter, Version=10.0.0.0, Culture=neutral, PublicKeyToken=b03f5f7f11d50a3a" className="Tests.BusinessTests.ComputerTests, Tests, Version=1.0.0.0, Culture=neutral, PublicKeyToken=null" name="DetermineNextFreeComputerCode5_Test" />
    </UnitTest>
    <UnitTest name="DetermineNextFreeComputerCode6_Test" storage="d:\users\glen\bahai\tallyj\v2d\server\site\tests\bin\debug\tests.dll" id="62dbbba5-1c8b-4742-a6f7-7b0f1abd027e">
      <Execution id="17ac2896-366a-4d7a-84c1-e009abbc8646" />
      <TestMethod codeBase="D:/Users/Glen/Bahai/TallyJ/V2d/Server/Site/Tests/bin/Debug/Tests.DLL" adapterTypeName="Microsoft.VisualStudio.TestTools.TestTypes.Unit.UnitTestAdapter, Microsoft.VisualStudio.QualityTools.Tips.UnitTest.Adapter, Version=10.0.0.0, Culture=neutral, PublicKeyToken=b03f5f7f11d50a3a" className="Tests.BusinessTests.ComputerTests, Tests, Version=1.0.0.0, Culture=neutral, PublicKeyToken=null" name="DetermineNextFreeComputerCode6_Test" />
    </UnitTest>
    <UnitTest name="Match1" storage="d:\users\glen\bahai\tallyj\v2d\server\site\tests\bin\debug\tests.dll" id="d9a5b581-ab7c-61b3-320e-b0b0b3fb007e">
      <Execution id="5db9c86b-dfef-4bff-b4b9-bc59e34e2565" />
      <TestMethod codeBase="D:/Users/Glen/Bahai/TallyJ/V2d/Server/Site/Tests/bin/Debug/Tests.DLL" adapterTypeName="Microsoft.VisualStudio.TestTools.TestTypes.Unit.UnitTestAdapter, Microsoft.VisualStudio.QualityTools.Tips.UnitTest.Adapter, Version=10.0.0.0, Culture=neutral, PublicKeyToken=b03f5f7f11d50a3a" className="Tests.BusinessTests.MetaphoneTests, Tests, Version=1.0.0.0, Culture=neutral, PublicKeyToken=null" name="Match1" />
    </UnitTest>
    <UnitTest name="NotMatch1" storage="d:\users\glen\bahai\tallyj\v2d\server\site\tests\bin\debug\tests.dll" id="eaba6c6e-7688-d7fe-bb9e-c73154cc1d08">
      <Execution id="e9a82b1b-56be-478d-9c25-09233b9a5ffa" />
      <TestMethod codeBase="D:/Users/Glen/Bahai/TallyJ/V2d/Server/Site/Tests/bin/Debug/Tests.DLL" adapterTypeName="Microsoft.VisualStudio.TestTools.TestTypes.Unit.UnitTestAdapter, Microsoft.VisualStudio.QualityTools.Tips.UnitTest.Adapter, Version=10.0.0.0, Culture=neutral, PublicKeyToken=b03f5f7f11d50a3a" className="Tests.BusinessTests.MetaphoneTests, Tests, Version=1.0.0.0, Culture=neutral, PublicKeyToken=null" name="NotMatch1" />
    </UnitTest>
    <UnitTest name="FilledWith_List2" storage="d:\users\glen\bahai\tallyj\v2d\server\site\tests\bin\debug\tests.dll" id="48f37d5a-27f1-24b2-c57c-bc7ac0844c89">
      <Execution id="ce45d57a-2c73-4134-91ae-84a81c638b11" />
      <TestMethod codeBase="D:/Users/Glen/Bahai/TallyJ/V2d/Server/Site/Tests/bin/Debug/Tests.DLL" adapterTypeName="Microsoft.VisualStudio.TestTools.TestTypes.Unit.UnitTestAdapter, Microsoft.VisualStudio.QualityTools.Tips.UnitTest.Adapter, Version=10.0.0.0, Culture=neutral, PublicKeyToken=b03f5f7f11d50a3a" className="Tests.FrameworkTests.ExtensionTests, Tests, Version=1.0.0.0, Culture=neutral, PublicKeyToken=null" name="FilledWith_List2" />
    </UnitTest>
    <UnitTest name="SingleNameElection_3_people" storage="d:\users\glen\bahai\tallyj\v2d\server\site\tests\bin\debug\tests.dll" id="e9f384d5-7694-9367-a116-9a4daf6945d4">
      <Execution id="38cfb3ec-11f2-4ce7-b1fa-5845814a2d97" />
      <TestMethod codeBase="D:/Users/Glen/Bahai/TallyJ/V2d/Server/Site/Tests/bin/Debug/Tests.DLL" adapterTypeName="Microsoft.VisualStudio.TestTools.TestTypes.Unit.UnitTestAdapter, Microsoft.VisualStudio.QualityTools.Tips.UnitTest.Adapter, Version=10.0.0.0, Culture=neutral, PublicKeyToken=b03f5f7f11d50a3a" className="Tests.BusinessTests.ResultAnalysisTests, Tests, Version=1.0.0.0, Culture=neutral, PublicKeyToken=null" name="SingleNameElection_3_people" />
    </UnitTest>
    <UnitTest name="FilledWithObject2" storage="d:\users\glen\bahai\tallyj\v2d\server\site\tests\bin\debug\tests.dll" id="c26754d6-7363-43cc-6c6a-82db68408dbb">
      <Execution id="d91d3205-30ab-4899-8ae0-3845301a3021" />
      <TestMethod codeBase="D:/Users/Glen/Bahai/TallyJ/V2d/Server/Site/Tests/bin/Debug/Tests.DLL" adapterTypeName="Microsoft.VisualStudio.TestTools.TestTypes.Unit.UnitTestAdapter, Microsoft.VisualStudio.QualityTools.Tips.UnitTest.Adapter, Version=10.0.0.0, Culture=neutral, PublicKeyToken=b03f5f7f11d50a3a" className="Tests.FrameworkTests.ExtensionTests, Tests, Version=1.0.0.0, Culture=neutral, PublicKeyToken=null" name="FilledWithObject2" />
    </UnitTest>
    <UnitTest name="SearchTest_FirstName" storage="d:\users\glen\bahai\tallyj\v2d\server\site\tests\bin\debug\tests.dll" id="343bb677-cf22-3ae5-a231-60662c4b16be">
      <Execution id="97597568-aa63-481f-baa9-8fe13720e3ff" />
      <TestMethod codeBase="D:/Users/Glen/Bahai/TallyJ/V2d/Server/Site/Tests/bin/Debug/Tests.DLL" adapterTypeName="Microsoft.VisualStudio.TestTools.TestTypes.Unit.UnitTestAdapter, Microsoft.VisualStudio.QualityTools.Tips.UnitTest.Adapter, Version=10.0.0.0, Culture=neutral, PublicKeyToken=b03f5f7f11d50a3a" className="Tests.BusinessTests.PeopleTests, Tests, Version=1.0.0.0, Culture=neutral, PublicKeyToken=null" name="SearchTest_FirstName" />
    </UnitTest>
    <UnitTest name="Invalid_People_Do_Not_Affect_Results" storage="d:\users\glen\bahai\tallyj\v2d\server\site\tests\bin\debug\tests.dll" id="e8711225-fef3-5e32-1698-3d30c8c0a581">
      <Execution id="757b47a6-b25f-491a-9fc9-cf7e3148e974" />
      <TestMethod codeBase="D:/Users/Glen/Bahai/TallyJ/V2d/Server/Site/Tests/bin/Debug/Tests.DLL" adapterTypeName="Microsoft.VisualStudio.TestTools.TestTypes.Unit.UnitTestAdapter, Microsoft.VisualStudio.QualityTools.Tips.UnitTest.Adapter, Version=10.0.0.0, Culture=neutral, PublicKeyToken=b03f5f7f11d50a3a" className="Tests.BusinessTests.ResultAnalysisTests, Tests, Version=1.0.0.0, Culture=neutral, PublicKeyToken=null" name="Invalid_People_Do_Not_Affect_Results" />
    </UnitTest>
    <UnitTest name="DetermineNextFreeComputerCode4_Test" storage="d:\users\glen\bahai\tallyj\v2d\server\site\tests\bin\debug\tests.dll" id="f406de04-d91e-619b-0ebe-1c6957ad788c">
      <Execution id="a30cca92-e59c-437f-8c88-bf3c544b91ee" />
      <TestMethod codeBase="D:/Users/Glen/Bahai/TallyJ/V2d/Server/Site/Tests/bin/Debug/Tests.DLL" adapterTypeName="Microsoft.VisualStudio.TestTools.TestTypes.Unit.UnitTestAdapter, Microsoft.VisualStudio.QualityTools.Tips.UnitTest.Adapter, Version=10.0.0.0, Culture=neutral, PublicKeyToken=b03f5f7f11d50a3a" className="Tests.BusinessTests.ComputerTests, Tests, Version=1.0.0.0, Culture=neutral, PublicKeyToken=null" name="DetermineNextFreeComputerCode4_Test" />
    </UnitTest>
    <UnitTest name="SingleNameElection_3_people_with_Tie" storage="d:\users\glen\bahai\tallyj\v2d\server\site\tests\bin\debug\tests.dll" id="862aa3f5-cee8-f902-5ff4-87b743dc7f0b">
      <Execution id="162f9218-3d0e-4957-a398-dadade5d9548" />
      <TestMethod codeBase="D:/Users/Glen/Bahai/TallyJ/V2d/Server/Site/Tests/bin/Debug/Tests.DLL" adapterTypeName="Microsoft.VisualStudio.TestTools.TestTypes.Unit.UnitTestAdapter, Microsoft.VisualStudio.QualityTools.Tips.UnitTest.Adapter, Version=10.0.0.0, Culture=neutral, PublicKeyToken=b03f5f7f11d50a3a" className="Tests.BusinessTests.ResultAnalysisTests, Tests, Version=1.0.0.0, Culture=neutral, PublicKeyToken=null" name="SingleNameElection_3_people_with_Tie" />
    </UnitTest>
    <UnitTest name="FilledWithObject" storage="d:\users\glen\bahai\tallyj\v2d\server\site\tests\bin\debug\tests.dll" id="b6a313df-ad61-f1c2-496d-db7388c2d0e3">
      <Execution id="76bc326c-aa7f-454c-9723-d484efd7d10a" />
      <TestMethod codeBase="D:/Users/Glen/Bahai/TallyJ/V2d/Server/Site/Tests/bin/Debug/Tests.DLL" adapterTypeName="Microsoft.VisualStudio.TestTools.TestTypes.Unit.UnitTestAdapter, Microsoft.VisualStudio.QualityTools.Tips.UnitTest.Adapter, Version=10.0.0.0, Culture=neutral, PublicKeyToken=b03f5f7f11d50a3a" className="Tests.FrameworkTests.ExtensionTests, Tests, Version=1.0.0.0, Culture=neutral, PublicKeyToken=null" name="FilledWithObject" />
    </UnitTest>
  </TestDefinitions>
  <TestLists>
    <TestList name="Results Not in a List" id="8c84fa94-04c1-424b-9868-57a2d4851a1d" />
    <TestList name="All Loaded Results" id="19431567-8539-422a-85d7-44ee4e166bda" />
  </TestLists>
  <TestEntries>
    <TestEntry testId="07476f35-9e1c-6bc5-5dcd-816ead301558" executionId="0f269f9b-7061-4b11-8fb1-61551bf28949" testListId="8c84fa94-04c1-424b-9868-57a2d4851a1d" />
    <TestEntry testId="103dfa87-6680-5704-7857-d53ad8f4f2dc" executionId="00b2877b-0e67-46af-9241-2d749fe6ef60" testListId="8c84fa94-04c1-424b-9868-57a2d4851a1d" />
    <TestEntry testId="136871ba-70c3-b5e0-e920-47a42dd3d475" executionId="6b4299f4-815d-4344-b5a6-4957a58b4081" testListId="8c84fa94-04c1-424b-9868-57a2d4851a1d" />
    <TestEntry testId="17f3edd0-be38-c1eb-a553-63a11a14a87b" executionId="f54d237a-7731-447c-8354-11989afc04d9" testListId="8c84fa94-04c1-424b-9868-57a2d4851a1d" />
    <TestEntry testId="343bb677-cf22-3ae5-a231-60662c4b16be" executionId="97597568-aa63-481f-baa9-8fe13720e3ff" testListId="8c84fa94-04c1-424b-9868-57a2d4851a1d" />
    <TestEntry testId="4437d137-a689-3e05-5035-1f11439c8b14" executionId="80fb6535-1242-41f0-aa2b-816f1ea2da02" testListId="8c84fa94-04c1-424b-9868-57a2d4851a1d" />
    <TestEntry testId="48f37d5a-27f1-24b2-c57c-bc7ac0844c89" executionId="ce45d57a-2c73-4134-91ae-84a81c638b11" testListId="8c84fa94-04c1-424b-9868-57a2d4851a1d" />
    <TestEntry testId="564e4ebf-2bca-9a3d-01d4-7304e5e55862" executionId="2ed87512-e7e7-4686-8d6a-a4ed5e403bd6" testListId="8c84fa94-04c1-424b-9868-57a2d4851a1d" />
    <TestEntry testId="5c3cc45e-7c98-67cc-9019-c9a2b4732d8c" executionId="e00e55ee-e81c-4218-b748-deb794e106d1" testListId="8c84fa94-04c1-424b-9868-57a2d4851a1d" />
    <TestEntry testId="62dbbba5-1c8b-4742-a6f7-7b0f1abd027e" executionId="17ac2896-366a-4d7a-84c1-e009abbc8646" testListId="8c84fa94-04c1-424b-9868-57a2d4851a1d" />
    <TestEntry testId="6f828ab7-5906-58f6-e598-6fa6aee124bd" executionId="67501b3b-a093-40b8-9f81-306044b57d67" testListId="8c84fa94-04c1-424b-9868-57a2d4851a1d" />
    <TestEntry testId="862aa3f5-cee8-f902-5ff4-87b743dc7f0b" executionId="162f9218-3d0e-4957-a398-dadade5d9548" testListId="8c84fa94-04c1-424b-9868-57a2d4851a1d" />
    <TestEntry testId="afe77384-60ba-bb08-bb72-a508a6175fed" executionId="f319ecf5-22bc-481f-bd1c-c1c28014d4f0" testListId="8c84fa94-04c1-424b-9868-57a2d4851a1d" />
    <TestEntry testId="b6a313df-ad61-f1c2-496d-db7388c2d0e3" executionId="76bc326c-aa7f-454c-9723-d484efd7d10a" testListId="8c84fa94-04c1-424b-9868-57a2d4851a1d" />
    <TestEntry testId="c26754d6-7363-43cc-6c6a-82db68408dbb" executionId="d91d3205-30ab-4899-8ae0-3845301a3021" testListId="8c84fa94-04c1-424b-9868-57a2d4851a1d" />
    <TestEntry testId="d9a5b581-ab7c-61b3-320e-b0b0b3fb007e" executionId="5db9c86b-dfef-4bff-b4b9-bc59e34e2565" testListId="8c84fa94-04c1-424b-9868-57a2d4851a1d" />
    <TestEntry testId="e8711225-fef3-5e32-1698-3d30c8c0a581" executionId="757b47a6-b25f-491a-9fc9-cf7e3148e974" testListId="8c84fa94-04c1-424b-9868-57a2d4851a1d" />
    <TestEntry testId="e9f384d5-7694-9367-a116-9a4daf6945d4" executionId="38cfb3ec-11f2-4ce7-b1fa-5845814a2d97" testListId="8c84fa94-04c1-424b-9868-57a2d4851a1d" />
    <TestEntry testId="eaba6c6e-7688-d7fe-bb9e-c73154cc1d08" executionId="e9a82b1b-56be-478d-9c25-09233b9a5ffa" testListId="8c84fa94-04c1-424b-9868-57a2d4851a1d" />
    <TestEntry testId="f406de04-d91e-619b-0ebe-1c6957ad788c" executionId="a30cca92-e59c-437f-8c88-bf3c544b91ee" testListId="8c84fa94-04c1-424b-9868-57a2d4851a1d" />
    <TestEntry testId="f6381d6c-3156-04ae-050d-1886e600c660" executionId="8d1ad514-b5e0-4cb8-b7dc-d9a583ca29b8" testListId="8c84fa94-04c1-424b-9868-57a2d4851a1d" />
  </TestEntries>
  <Results>
    <UnitTestResult executionId="0f269f9b-7061-4b11-8fb1-61551bf28949" testId="07476f35-9e1c-6bc5-5dcd-816ead301558" testName="SingleNameElection_3_people_with_3_way_Tie" computerName="SUNLAP007" duration="00:00:00.1776695" startTime="2011-12-03T02:07:26.0494700-07:00" endTime="2011-12-03T02:07:27.5685569-07:00" testType="13cdc9d9-ddb5-4fa4-a97d-d965ccfc6d4b" outcome="Passed" testListId="8c84fa94-04c1-424b-9868-57a2d4851a1d" relativeResultsDirectory="0f269f9b-7061-4b11-8fb1-61551bf28949">
    </UnitTestResult>
    <UnitTestResult executionId="00b2877b-0e67-46af-9241-2d749fe6ef60" testId="103dfa87-6680-5704-7857-d53ad8f4f2dc" testName="FilledWithArray_List_Fail1" computerName="SUNLAP007" duration="00:00:18.8120760" startTime="2011-12-03T02:07:27.6025588-07:00" endTime="2011-12-03T02:07:46.4146348-07:00" testType="13cdc9d9-ddb5-4fa4-a97d-d965ccfc6d4b" outcome="Aborted" testListId="8c84fa94-04c1-424b-9868-57a2d4851a1d" relativeResultsDirectory="00b2877b-0e67-46af-9241-2d749fe6ef60">
    </UnitTestResult>
    <UnitTestResult executionId="6b4299f4-815d-4344-b5a6-4957a58b4081" testId="136871ba-70c3-b5e0-e920-47a42dd3d475" testName="SingleNameElection_1_person" computerName="SUNLAP007" testType="13cdc9d9-ddb5-4fa4-a97d-d965ccfc6d4b" outcome="NotExecuted" testListId="8c84fa94-04c1-424b-9868-57a2d4851a1d" relativeResultsDirectory="6b4299f4-815d-4344-b5a6-4957a58b4081">
    </UnitTestResult>
    <UnitTestResult executionId="f54d237a-7731-447c-8354-11989afc04d9" testId="17f3edd0-be38-c1eb-a553-63a11a14a87b" testName="DetermineNextFreeComputerCode5_Test" computerName="SUNLAP007" testType="13cdc9d9-ddb5-4fa4-a97d-d965ccfc6d4b" outcome="NotExecuted" testListId="8c84fa94-04c1-424b-9868-57a2d4851a1d" relativeResultsDirectory="f54d237a-7731-447c-8354-11989afc04d9">
    </UnitTestResult>
    <UnitTestResult executionId="97597568-aa63-481f-baa9-8fe13720e3ff" testId="343bb677-cf22-3ae5-a231-60662c4b16be" testName="SearchTest_FirstName" computerName="SUNLAP007" testType="13cdc9d9-ddb5-4fa4-a97d-d965ccfc6d4b" outcome="NotExecuted" testListId="8c84fa94-04c1-424b-9868-57a2d4851a1d" relativeResultsDirectory="97597568-aa63-481f-baa9-8fe13720e3ff">
    </UnitTestResult>
    <UnitTestResult executionId="80fb6535-1242-41f0-aa2b-816f1ea2da02" testId="4437d137-a689-3e05-5035-1f11439c8b14" testName="DetermineNextFreeComputerCode2_Test" computerName="SUNLAP007" testType="13cdc9d9-ddb5-4fa4-a97d-d965ccfc6d4b" outcome="NotExecuted" testListId="8c84fa94-04c1-424b-9868-57a2d4851a1d" relativeResultsDirectory="80fb6535-1242-41f0-aa2b-816f1ea2da02">
    </UnitTestResult>
    <UnitTestResult executionId="ce45d57a-2c73-4134-91ae-84a81c638b11" testId="48f37d5a-27f1-24b2-c57c-bc7ac0844c89" testName="FilledWith_List2" computerName="SUNLAP007" testType="13cdc9d9-ddb5-4fa4-a97d-d965ccfc6d4b" outcome="NotExecuted" testListId="8c84fa94-04c1-424b-9868-57a2d4851a1d" relativeResultsDirectory="ce45d57a-2c73-4134-91ae-84a81c638b11">
    </UnitTestResult>
    <UnitTestResult executionId="2ed87512-e7e7-4686-8d6a-a4ed5e403bd6" testId="564e4ebf-2bca-9a3d-01d4-7304e5e55862" testName="FilledWith_List1" computerName="SUNLAP007" testType="13cdc9d9-ddb5-4fa4-a97d-d965ccfc6d4b" outcome="NotExecuted" testListId="8c84fa94-04c1-424b-9868-57a2d4851a1d" relativeResultsDirectory="2ed87512-e7e7-4686-8d6a-a4ed5e403bd6">
    </UnitTestResult>
    <UnitTestResult executionId="e00e55ee-e81c-4218-b748-deb794e106d1" testId="5c3cc45e-7c98-67cc-9019-c9a2b4732d8c" testName="JoinedAsStringTest1" computerName="SUNLAP007" testType="13cdc9d9-ddb5-4fa4-a97d-d965ccfc6d4b" outcome="NotExecuted" testListId="8c84fa94-04c1-424b-9868-57a2d4851a1d" relativeResultsDirectory="e00e55ee-e81c-4218-b748-deb794e106d1">
    </UnitTestResult>
    <UnitTestResult executionId="17ac2896-366a-4d7a-84c1-e009abbc8646" testId="62dbbba5-1c8b-4742-a6f7-7b0f1abd027e" testName="DetermineNextFreeComputerCode6_Test" computerName="SUNLAP007" testType="13cdc9d9-ddb5-4fa4-a97d-d965ccfc6d4b" outcome="NotExecuted" testListId="8c84fa94-04c1-424b-9868-57a2d4851a1d" relativeResultsDirectory="17ac2896-366a-4d7a-84c1-e009abbc8646">
    </UnitTestResult>
    <UnitTestResult executionId="67501b3b-a093-40b8-9f81-306044b57d67" testId="6f828ab7-5906-58f6-e598-6fa6aee124bd" testName="DetermineNextFreeComputerCode_Test" computerName="SUNLAP007" testType="13cdc9d9-ddb5-4fa4-a97d-d965ccfc6d4b" outcome="NotExecuted" testListId="8c84fa94-04c1-424b-9868-57a2d4851a1d" relativeResultsDirectory="67501b3b-a093-40b8-9f81-306044b57d67">
    </UnitTestResult>
    <UnitTestResult executionId="162f9218-3d0e-4957-a398-dadade5d9548" testId="862aa3f5-cee8-f902-5ff4-87b743dc7f0b" testName="SingleNameElection_3_people_with_Tie" computerName="SUNLAP007" testType="13cdc9d9-ddb5-4fa4-a97d-d965ccfc6d4b" outcome="NotExecuted" testListId="8c84fa94-04c1-424b-9868-57a2d4851a1d" relativeResultsDirectory="162f9218-3d0e-4957-a398-dadade5d9548">
    </UnitTestResult>
    <UnitTestResult executionId="f319ecf5-22bc-481f-bd1c-c1c28014d4f0" testId="afe77384-60ba-bb08-bb72-a508a6175fed" testName="DetermineNextFreeComputerCode3_Test" computerName="SUNLAP007" testType="13cdc9d9-ddb5-4fa4-a97d-d965ccfc6d4b" outcome="NotExecuted" testListId="8c84fa94-04c1-424b-9868-57a2d4851a1d" relativeResultsDirectory="f319ecf5-22bc-481f-bd1c-c1c28014d4f0">
    </UnitTestResult>
    <UnitTestResult executionId="76bc326c-aa7f-454c-9723-d484efd7d10a" testId="b6a313df-ad61-f1c2-496d-db7388c2d0e3" testName="FilledWithObject" computerName="SUNLAP007" testType="13cdc9d9-ddb5-4fa4-a97d-d965ccfc6d4b" outcome="NotExecuted" testListId="8c84fa94-04c1-424b-9868-57a2d4851a1d" relativeResultsDirectory="76bc326c-aa7f-454c-9723-d484efd7d10a">
    </UnitTestResult>
    <UnitTestResult executionId="d91d3205-30ab-4899-8ae0-3845301a3021" testId="c26754d6-7363-43cc-6c6a-82db68408dbb" testName="FilledWithObject2" computerName="SUNLAP007" testType="13cdc9d9-ddb5-4fa4-a97d-d965ccfc6d4b" outcome="NotExecuted" testListId="8c84fa94-04c1-424b-9868-57a2d4851a1d" relativeResultsDirectory="d91d3205-30ab-4899-8ae0-3845301a3021">
    </UnitTestResult>
    <UnitTestResult executionId="5db9c86b-dfef-4bff-b4b9-bc59e34e2565" testId="d9a5b581-ab7c-61b3-320e-b0b0b3fb007e" testName="Match1" computerName="SUNLAP007" testType="13cdc9d9-ddb5-4fa4-a97d-d965ccfc6d4b" outcome="NotExecuted" testListId="8c84fa94-04c1-424b-9868-57a2d4851a1d" relativeResultsDirectory="5db9c86b-dfef-4bff-b4b9-bc59e34e2565">
    </UnitTestResult>
    <UnitTestResult executionId="757b47a6-b25f-491a-9fc9-cf7e3148e974" testId="e8711225-fef3-5e32-1698-3d30c8c0a581" testName="Invalid_People_Do_Not_Affect_Results" computerName="SUNLAP007" testType="13cdc9d9-ddb5-4fa4-a97d-d965ccfc6d4b" outcome="NotExecuted" testListId="8c84fa94-04c1-424b-9868-57a2d4851a1d" relativeResultsDirectory="757b47a6-b25f-491a-9fc9-cf7e3148e974">
    </UnitTestResult>
    <UnitTestResult executionId="38cfb3ec-11f2-4ce7-b1fa-5845814a2d97" testId="e9f384d5-7694-9367-a116-9a4daf6945d4" testName="SingleNameElection_3_people" computerName="SUNLAP007" testType="13cdc9d9-ddb5-4fa4-a97d-d965ccfc6d4b" outcome="NotExecuted" testListId="8c84fa94-04c1-424b-9868-57a2d4851a1d" relativeResultsDirectory="38cfb3ec-11f2-4ce7-b1fa-5845814a2d97">
    </UnitTestResult>
    <UnitTestResult executionId="e9a82b1b-56be-478d-9c25-09233b9a5ffa" testId="eaba6c6e-7688-d7fe-bb9e-c73154cc1d08" testName="NotMatch1" computerName="SUNLAP007" testType="13cdc9d9-ddb5-4fa4-a97d-d965ccfc6d4b" outcome="NotExecuted" testListId="8c84fa94-04c1-424b-9868-57a2d4851a1d" relativeResultsDirectory="e9a82b1b-56be-478d-9c25-09233b9a5ffa">
    </UnitTestResult>
    <UnitTestResult executionId="a30cca92-e59c-437f-8c88-bf3c544b91ee" testId="f406de04-d91e-619b-0ebe-1c6957ad788c" testName="DetermineNextFreeComputerCode4_Test" computerName="SUNLAP007" testType="13cdc9d9-ddb5-4fa4-a97d-d965ccfc6d4b" outcome="NotExecuted" testListId="8c84fa94-04c1-424b-9868-57a2d4851a1d" relativeResultsDirectory="a30cca92-e59c-437f-8c88-bf3c544b91ee">
    </UnitTestResult>
    <UnitTestResult executionId="8d1ad514-b5e0-4cb8-b7dc-d9a583ca29b8" testId="f6381d6c-3156-04ae-050d-1886e600c660" testName="FilledWithArray_List3" computerName="SUNLAP007" testType="13cdc9d9-ddb5-4fa4-a97d-d965ccfc6d4b" outcome="NotExecuted" testListId="8c84fa94-04c1-424b-9868-57a2d4851a1d" relativeResultsDirectory="8d1ad514-b5e0-4cb8-b7dc-d9a583ca29b8">
    </UnitTestResult>
  </Results>
</TestRun>