<?xml version="1.0" encoding="UTF-8"?>
<TestRun id="96e00865-cee1-4928-89d1-f6ded8ca441c" name="glittle@SUNLAP200 2011-10-10 21:56:03" runUser="SUNCORP\glittle" xmlns="http://microsoft.com/schemas/VisualStudio/TeamTest/2010">
  <TestSettings name="Local" id="45670355-df23-4383-86da-d2f44957bcac">
    <Description>These are default test settings for a local test run.</Description>
    <Deployment enabled="false" runDeploymentRoot="glittle_SUNLAP200 2011-10-10 21_56_03">
      <DeploymentItem filename="C:\Users\Glen\Bahai\TallyJ\V2d\Server\Site\Site\bin\TallyJ.dll" />
    </Deployment>
    <Execution>
      <TestTypeSpecific />
      <AgentRule name="Execution Agents">
      </AgentRule>
    </Execution>
  </TestSettings>
  <Times creation="2011-10-10T21:56:03.5937500-06:00" queuing="2011-10-10T21:56:03.7500000-06:00" start="2011-10-10T21:56:03.7500000-06:00" finish="2011-10-10T21:56:04.2187500-06:00" />
  <ResultSummary outcome="Completed">
    <Counters total="4" executed="4" passed="4" error="0" failed="0" timeout="0" aborted="0" inconclusive="0" passedButRunAborted="0" notRunnable="0" notExecuted="0" disconnected="0" warning="0" completed="0" inProgress="0" pending="0" />
  </ResultSummary>
  <TestDefinitions>
    <UnitTest name="SearchTest_FirstName" storage="c:\users\glen\bahai\tallyj\v2d\server\site\tests\bin\debug\tests.dll" id="343bb677-cf22-3ae5-a231-60662c4b16be">
      <Execution id="5498509c-3952-41da-98eb-26d913353609" />
      <TestMethod codeBase="C:/Users/Glen/Bahai/TallyJ/V2d/Server/Site/Tests/bin/Debug/Tests.DLL" adapterTypeName="Microsoft.VisualStudio.TestTools.TestTypes.Unit.UnitTestAdapter, Microsoft.VisualStudio.QualityTools.Tips.UnitTest.Adapter, Version=10.0.0.0, Culture=neutral, PublicKeyToken=b03f5f7f11d50a3a" className="Tests.BusinessTests.PeopleTests, Tests, Version=1.0.0.0, Culture=neutral, PublicKeyToken=null" name="SearchTest_FirstName" />
    </UnitTest>
    <UnitTest name="SearchTest_FirstLast_Match" storage="c:\users\glen\bahai\tallyj\v2d\server\site\tests\bin\debug\tests.dll" id="3fcb5ec7-8186-9c17-46aa-43555f8b9c4f">
      <Execution id="4be1e4a5-0d09-440f-ae21-8dce60533db7" />
      <TestMethod codeBase="C:/Users/Glen/Bahai/TallyJ/V2d/Server/Site/Tests/bin/Debug/Tests.DLL" adapterTypeName="Microsoft.VisualStudio.TestTools.TestTypes.Unit.UnitTestAdapter, Microsoft.VisualStudio.QualityTools.Tips.UnitTest.Adapter, Version=10.0.0.0, Culture=neutral, PublicKeyToken=b03f5f7f11d50a3a" className="Tests.BusinessTests.PeopleTests, Tests, Version=1.0.0.0, Culture=neutral, PublicKeyToken=null" name="SearchTest_FirstLast_Match" />
    </UnitTest>
    <UnitTest name="JoinedAsStringTest1" storage="c:\users\glen\bahai\tallyj\v2d\server\site\tests\bin\debug\tests.dll" id="5c3cc45e-7c98-67cc-9019-c9a2b4732d8c">
      <Execution id="26903469-00ca-4ad8-a2e1-0b6dcae48fc2" />
      <TestMethod codeBase="C:/Users/Glen/Bahai/TallyJ/V2d/Server/Site/Tests/bin/Debug/Tests.DLL" adapterTypeName="Microsoft.VisualStudio.TestTools.TestTypes.Unit.UnitTestAdapter, Microsoft.VisualStudio.QualityTools.Tips.UnitTest.Adapter, Version=10.0.0.0, Culture=neutral, PublicKeyToken=b03f5f7f11d50a3a" className="Tests.FrameworkTests.ExtensionTests, Tests, Version=1.0.0.0, Culture=neutral, PublicKeyToken=null" name="JoinedAsStringTest1" />
    </UnitTest>
    <UnitTest name="SearchTest_FirstLast_NoMatch" storage="c:\users\glen\bahai\tallyj\v2d\server\site\tests\bin\debug\tests.dll" id="8d96ede1-7acc-67d6-1586-6375f18dafdb">
      <Execution id="830dd401-7252-4145-a5ce-5b902e205b32" />
      <TestMethod codeBase="C:/Users/Glen/Bahai/TallyJ/V2d/Server/Site/Tests/bin/Debug/Tests.DLL" adapterTypeName="Microsoft.VisualStudio.TestTools.TestTypes.Unit.UnitTestAdapter, Microsoft.VisualStudio.QualityTools.Tips.UnitTest.Adapter, Version=10.0.0.0, Culture=neutral, PublicKeyToken=b03f5f7f11d50a3a" className="Tests.BusinessTests.PeopleTests, Tests, Version=1.0.0.0, Culture=neutral, PublicKeyToken=null" name="SearchTest_FirstLast_NoMatch" />
    </UnitTest>
  </TestDefinitions>
  <TestLists>
    <TestList name="Results Not in a List" id="8c84fa94-04c1-424b-9868-57a2d4851a1d" />
    <TestList name="All Loaded Results" id="19431567-8539-422a-85d7-44ee4e166bda" />
  </TestLists>
  <TestEntries>
    <TestEntry testId="5c3cc45e-7c98-67cc-9019-c9a2b4732d8c" executionId="26903469-00ca-4ad8-a2e1-0b6dcae48fc2" testListId="8c84fa94-04c1-424b-9868-57a2d4851a1d" />
    <TestEntry testId="343bb677-cf22-3ae5-a231-60662c4b16be" executionId="5498509c-3952-41da-98eb-26d913353609" testListId="8c84fa94-04c1-424b-9868-57a2d4851a1d" />
    <TestEntry testId="8d96ede1-7acc-67d6-1586-6375f18dafdb" executionId="830dd401-7252-4145-a5ce-5b902e205b32" testListId="8c84fa94-04c1-424b-9868-57a2d4851a1d" />
    <TestEntry testId="3fcb5ec7-8186-9c17-46aa-43555f8b9c4f" executionId="4be1e4a5-0d09-440f-ae21-8dce60533db7" testListId="8c84fa94-04c1-424b-9868-57a2d4851a1d" />
  </TestEntries>
  <Results>
    <UnitTestResult executionId="26903469-00ca-4ad8-a2e1-0b6dcae48fc2" testId="5c3cc45e-7c98-67cc-9019-c9a2b4732d8c" testName="JoinedAsStringTest1" computerName="SUNLAP200" duration="00:00:00.0182992" startTime="2011-10-10T21:56:03.7656250-06:00" endTime="2011-10-10T21:56:04.1406250-06:00" testType="13cdc9d9-ddb5-4fa4-a97d-d965ccfc6d4b" outcome="Passed" testListId="8c84fa94-04c1-424b-9868-57a2d4851a1d" relativeResultsDirectory="26903469-00ca-4ad8-a2e1-0b6dcae48fc2">
    </UnitTestResult>
    <UnitTestResult executionId="5498509c-3952-41da-98eb-26d913353609" testId="343bb677-cf22-3ae5-a231-60662c4b16be" testName="SearchTest_FirstName" computerName="SUNLAP200" duration="00:00:00.0174304" startTime="2011-10-10T21:56:04.1406250-06:00" endTime="2011-10-10T21:56:04.1562500-06:00" testType="13cdc9d9-ddb5-4fa4-a97d-d965ccfc6d4b" outcome="Passed" testListId="8c84fa94-04c1-424b-9868-57a2d4851a1d" relativeResultsDirectory="5498509c-3952-41da-98eb-26d913353609">
    </UnitTestResult>
    <UnitTestResult executionId="830dd401-7252-4145-a5ce-5b902e205b32" testId="8d96ede1-7acc-67d6-1586-6375f18dafdb" testName="SearchTest_FirstLast_NoMatch" computerName="SUNLAP200" duration="00:00:00.0030403" startTime="2011-10-10T21:56:04.1718750-06:00" endTime="2011-10-10T21:56:04.1718750-06:00" testType="13cdc9d9-ddb5-4fa4-a97d-d965ccfc6d4b" outcome="Passed" testListId="8c84fa94-04c1-424b-9868-57a2d4851a1d" relativeResultsDirectory="830dd401-7252-4145-a5ce-5b902e205b32">
    </UnitTestResult>
    <UnitTestResult executionId="4be1e4a5-0d09-440f-ae21-8dce60533db7" testId="3fcb5ec7-8186-9c17-46aa-43555f8b9c4f" testName="SearchTest_FirstLast_Match" computerName="SUNLAP200" duration="00:00:00.0029917" startTime="2011-10-10T21:56:04.1718750-06:00" endTime="2011-10-10T21:56:04.1875000-06:00" testType="13cdc9d9-ddb5-4fa4-a97d-d965ccfc6d4b" outcome="Passed" testListId="8c84fa94-04c1-424b-9868-57a2d4851a1d" relativeResultsDirectory="4be1e4a5-0d09-440f-ae21-8dce60533db7">
    </UnitTestResult>
  </Results>
</TestRun>